// Jest Snapshot v1, https://goo.gl/fbAQLP

exports[`testing the rendering of the movie details page  1`] = `
<div>
  <div
    class="container"
  >
    <div
      class="card"
    >
      <div
        class="container-fliud"
      >
        <div
          class="wrapper row"
        >
          <div
            class="preview col-md-6"
          >
            <div
              class="preview-pic tab-content"
            >
              <img
                class="img-fluid"
              />
            </div>
          </div>
          <div
            class="details col-md-6"
          >
            <h3
              class="product-title"
            />
            <div
              class="rating"
            >
              <div
                class="stars"
              >
                <span
                  class="fa fa-star checked"
                />
                <span
                  class="fa fa-star checked"
                />
                <span
                  class="fa fa-star checked"
                />
                <span
                  class="fa fa-star"
                />
                <span
                  class="fa fa-star"
                />
              </div>
              <h4
                class="review-no"
              >
                Time:
              </h4>
              <h4
                class="review-no"
              >
                Duration:
              </h4>
            </div>
            <p
              class="product-description"
            />
            <p
              class="vote"
            >
              <strong>
                91%
              </strong>
              of buyers enjoyed this Movie!
              <strong>
                (87 votes)
              </strong>
            </p>
            <div
              class="action"
            >
              <a
                href="/reserve_page"
              >
                <button
                  class="add-to-cart btn btn-default"
                  type="button"
                >
                  Reserve
                </button>
              </a>
            </div>
          </div>
        </div>
      </div>
    </div>
  </div>
</div>
`;
